---
http_interactions:
- request:
    method: post
    uri: https://otx.alienvault.com/taxii/discovery
    body:
      encoding: UTF-8
      string: <taxii_11:Discovery_Request xmlns:taxii="http://taxii.mitre.org/messages/taxii_xml_binding-1"
        xmlns:taxii_11="http://taxii.mitre.org/messages/taxii_xml_binding-1.1" xmlns:tdq="http://taxii.mitre.org/query/taxii_default_query-1"
        message_id="00168625617301953831"/>
    headers:
      Accept:
      - application/xml
      User-Agent:
      - rest-client/2.1.0 (linux x86_64) ruby/3.1.2p20
      X-Taxii-Services:
      - urn:taxii.mitre.org:services:1.1
      Content-Type:
      - application/xml
      X-Taxii-Accept:
      - urn:taxii.mitre.org:message:xml:1.1
      X-Taxii-Content-Type:
      - urn:taxii.mitre.org:message:xml:1.1
      X-Taxii-Protocol:
      - urn:taxii.mitre.org:protocol:https:1.0
      Content-Length:
      - '263'
      Accept-Encoding:
      - gzip;q=1.0,deflate;q=0.6,identity;q=0.3
      Host:
      - otx.alienvault.com
      Authorization:
      - Basic XXX
  response:
    status:
      code: 200
      message: OK
    headers:
      Content-Type:
      - application/xml
      Content-Length:
      - '1804'
      Connection:
      - keep-alive
      Date:
      - Thu, 08 Jun 2023 20:29:33 GMT
      Server:
      - gunicorn
      X-Taxii-Content-Type:
      - urn:taxii.mitre.org:message:xml:1.1
      X-Taxii-Protocol:
      - urn:taxii.mitre.org:protocol:https:1.0
      X-Taxii-Services:
      - urn:taxii.mitre.org:services:1.1
      X-Frame-Options:
      - SAMEORIGIN
      X-Remote-User-Name:
      - crondaemon
      X-Otx-Active:
      - '1'
      Vary:
      - Accept-Encoding
      Access-Control-Allow-Origin:
      - "*"
      X-Cache:
      - Miss from cloudfront
      Via:
      - 1.1 93034e1747bf3756ba1c0f1c60038690.cloudfront.net (CloudFront)
      X-Amz-Cf-Pop:
      - MXP63-P2
      X-Amz-Cf-Id:
      - h1T_M603T0XoLQ6win8jlqRyuYIdVcw6OToa0VnZaWI5hMf9FgfzHA==
    body:
      encoding: UTF-8
      string: |
        <taxii_11:Discovery_Response xmlns:taxii="http://taxii.mitre.org/messages/taxii_xml_binding-1" xmlns:taxii_11="http://taxii.mitre.org/messages/taxii_xml_binding-1.1" xmlns:tdq="http://taxii.mitre.org/query/taxii_default_query-1" message_id="90312988125992876" in_response_to="00168625617301953831">
          <taxii_11:Service_Instance service_type="DISCOVERY" service_version="urn:taxii.mitre.org:services:1.1" available="true">
            <taxii_11:Protocol_Binding>urn:taxii.mitre.org:protocol:https:1.0</taxii_11:Protocol_Binding>
            <taxii_11:Address>https://otx.alienvault.com/taxii/discovery</taxii_11:Address>
            <taxii_11:Message_Binding>urn:taxii.mitre.org:message:xml:1.1</taxii_11:Message_Binding>
            <taxii_11:Message>OTX Taxii Discovery</taxii_11:Message>
          </taxii_11:Service_Instance>
          <taxii_11:Service_Instance service_type="COLLECTION_MANAGEMENT" service_version="urn:taxii.mitre.org:services:1.1" available="true">
            <taxii_11:Protocol_Binding>urn:taxii.mitre.org:protocol:https:1.0</taxii_11:Protocol_Binding>
            <taxii_11:Address>https://otx.alienvault.com/taxii/collections</taxii_11:Address>
            <taxii_11:Message_Binding>urn:taxii.mitre.org:message:xml:1.1</taxii_11:Message_Binding>
            <taxii_11:Message>OTX Taxii Collections</taxii_11:Message>
          </taxii_11:Service_Instance>
          <taxii_11:Service_Instance service_type="POLL" service_version="urn:taxii.mitre.org:services:1.1" available="true">
            <taxii_11:Protocol_Binding>urn:taxii.mitre.org:protocol:https:1.0</taxii_11:Protocol_Binding>
            <taxii_11:Address>https://otx.alienvault.com/taxii/poll</taxii_11:Address>
            <taxii_11:Message_Binding>urn:taxii.mitre.org:message:xml:1.1</taxii_11:Message_Binding>
            <taxii_11:Message>OTX Taxii Polling</taxii_11:Message>
          </taxii_11:Service_Instance>
        </taxii_11:Discovery_Response>
  recorded_at: Thu, 08 Jun 2023 20:29:33 GMT
- request:
    method: post
    uri: https://otx.alienvault.com/taxii/collections
    body:
      encoding: UTF-8
      string: <taxii_11:Collection_Information_Request xmlns:taxii="http://taxii.mitre.org/messages/taxii_xml_binding-1"
        xmlns:taxii_11="http://taxii.mitre.org/messages/taxii_xml_binding-1.1" xmlns:tdq="http://taxii.mitre.org/query/taxii_default_query-1"
        message_id="00168625617301953831"/>
    headers:
      Accept:
      - application/xml
      User-Agent:
      - rest-client/2.1.0 (linux x86_64) ruby/3.1.2p20
      X-Taxii-Services:
      - urn:taxii.mitre.org:services:1.1
      Content-Type:
      - application/xml
      X-Taxii-Protocol:
      - urn:taxii.mitre.org:protocol:https:1.0
      Content-Length:
      - '276'
      Accept-Encoding:
      - gzip;q=1.0,deflate;q=0.6,identity;q=0.3
      Host:
      - otx.alienvault.com
      Authorization:
      - Basic XXX
  response:
    status:
      code: 200
      message: OK
    headers:
      Content-Type:
      - application/xml
      Content-Length:
      - '1452'
      Connection:
      - keep-alive
      Date:
      - Thu, 08 Jun 2023 20:29:33 GMT
      Server:
      - gunicorn
      X-Taxii-Content-Type:
      - urn:taxii.mitre.org:message:xml:1.1
      X-Taxii-Protocol:
      - urn:taxii.mitre.org:protocol:https:1.0
      X-Taxii-Services:
      - urn:taxii.mitre.org:services:1.1
      X-Frame-Options:
      - SAMEORIGIN
      X-Remote-User-Name:
      - crondaemon
      X-Otx-Active:
      - '1'
      Vary:
      - Accept-Encoding
      Access-Control-Allow-Origin:
      - "*"
      X-Cache:
      - Miss from cloudfront
      Via:
      - 1.1 a659f7836f37684fda1f390ef3140e5a.cloudfront.net (CloudFront)
      X-Amz-Cf-Pop:
      - MXP63-P2
      X-Amz-Cf-Id:
      - Lw15dhwfO5_wcljkFR1KCOPiQXJyy1F5fVKk_lMpfHdeth_ddeUiWg==
    body:
      encoding: UTF-8
      string: |
        <taxii_11:Collection_Information_Response xmlns:taxii="http://taxii.mitre.org/messages/taxii_xml_binding-1" xmlns:taxii_11="http://taxii.mitre.org/messages/taxii_xml_binding-1.1" xmlns:tdq="http://taxii.mitre.org/query/taxii_default_query-1" message_id="4196773008852467709" in_response_to="00168625617301953831">
          <taxii_11:Collection collection_name="user_AlienVault" collection_type="DATA_FEED" available="true">
            <taxii_11:Description>Data feed for user: AlienVault</taxii_11:Description>
            <taxii_11:Polling_Service>
              <taxii_11:Protocol_Binding>urn:taxii.mitre.org:protocol:https:1.0</taxii_11:Protocol_Binding>
              <taxii_11:Address>https://otx.alienvault.com/taxii/poll</taxii_11:Address>
              <taxii_11:Message_Binding>urn:taxii.mitre.org:message:xml:1.1</taxii_11:Message_Binding>
            </taxii_11:Polling_Service>
          </taxii_11:Collection>
          <taxii_11:Collection collection_name="user_crondaemon" collection_type="DATA_FEED" available="true">
            <taxii_11:Description>Data feed for user: crondaemon</taxii_11:Description>
            <taxii_11:Polling_Service>
              <taxii_11:Protocol_Binding>urn:taxii.mitre.org:protocol:https:1.0</taxii_11:Protocol_Binding>
              <taxii_11:Address>https://otx.alienvault.com/taxii/poll</taxii_11:Address>
              <taxii_11:Message_Binding>urn:taxii.mitre.org:message:xml:1.1</taxii_11:Message_Binding>
            </taxii_11:Polling_Service>
          </taxii_11:Collection>
        </taxii_11:Collection_Information_Response>
  recorded_at: Thu, 08 Jun 2023 20:29:33 GMT
- request:
    method: post
    uri: https://otx.alienvault.com/taxii/collections
    body:
      encoding: UTF-8
      string: <taxii_11:Collection_Information_Request xmlns:taxii="http://taxii.mitre.org/messages/taxii_xml_binding-1"
        xmlns:taxii_11="http://taxii.mitre.org/messages/taxii_xml_binding-1.1" xmlns:tdq="http://taxii.mitre.org/query/taxii_default_query-1"
        message_id="00168625617301953831"/>
    headers:
      Accept:
      - application/xml
      User-Agent:
      - rest-client/2.1.0 (linux x86_64) ruby/3.1.2p20
      X-Taxii-Services:
      - urn:taxii.mitre.org:services:1.1
      Content-Type:
      - application/xml
      X-Taxii-Protocol:
      - urn:taxii.mitre.org:protocol:https:1.0
      Content-Length:
      - '276'
      Accept-Encoding:
      - gzip;q=1.0,deflate;q=0.6,identity;q=0.3
      Host:
      - otx.alienvault.com
      Authorization:
      - Basic XXX
  response:
    status:
      code: 200
      message: OK
    headers:
      Content-Type:
      - application/xml
      Content-Length:
      - '1452'
      Connection:
      - keep-alive
      Date:
      - Thu, 08 Jun 2023 20:29:34 GMT
      Server:
      - gunicorn
      X-Taxii-Content-Type:
      - urn:taxii.mitre.org:message:xml:1.1
      X-Taxii-Protocol:
      - urn:taxii.mitre.org:protocol:https:1.0
      X-Taxii-Services:
      - urn:taxii.mitre.org:services:1.1
      X-Frame-Options:
      - SAMEORIGIN
      X-Remote-User-Name:
      - crondaemon
      X-Otx-Active:
      - '1'
      Vary:
      - Accept-Encoding
      Access-Control-Allow-Origin:
      - "*"
      X-Cache:
      - Miss from cloudfront
      Via:
      - 1.1 b96e53b7b2901838d15d932e5dee1b2e.cloudfront.net (CloudFront)
      X-Amz-Cf-Pop:
      - MXP63-P2
      X-Amz-Cf-Id:
      - NVDgOT2lY-TaEnxjlYW-AxnAKGx3LyV_8O4bVRod4UF3N4uPtM_87A==
    body:
      encoding: UTF-8
      string: |
        <taxii_11:Collection_Information_Response xmlns:taxii="http://taxii.mitre.org/messages/taxii_xml_binding-1" xmlns:taxii_11="http://taxii.mitre.org/messages/taxii_xml_binding-1.1" xmlns:tdq="http://taxii.mitre.org/query/taxii_default_query-1" message_id="8366039426390011980" in_response_to="00168625617301953831">
          <taxii_11:Collection collection_name="user_AlienVault" collection_type="DATA_FEED" available="true">
            <taxii_11:Description>Data feed for user: AlienVault</taxii_11:Description>
            <taxii_11:Polling_Service>
              <taxii_11:Protocol_Binding>urn:taxii.mitre.org:protocol:https:1.0</taxii_11:Protocol_Binding>
              <taxii_11:Address>https://otx.alienvault.com/taxii/poll</taxii_11:Address>
              <taxii_11:Message_Binding>urn:taxii.mitre.org:message:xml:1.1</taxii_11:Message_Binding>
            </taxii_11:Polling_Service>
          </taxii_11:Collection>
          <taxii_11:Collection collection_name="user_crondaemon" collection_type="DATA_FEED" available="true">
            <taxii_11:Description>Data feed for user: crondaemon</taxii_11:Description>
            <taxii_11:Polling_Service>
              <taxii_11:Protocol_Binding>urn:taxii.mitre.org:protocol:https:1.0</taxii_11:Protocol_Binding>
              <taxii_11:Address>https://otx.alienvault.com/taxii/poll</taxii_11:Address>
              <taxii_11:Message_Binding>urn:taxii.mitre.org:message:xml:1.1</taxii_11:Message_Binding>
            </taxii_11:Polling_Service>
          </taxii_11:Collection>
        </taxii_11:Collection_Information_Response>
  recorded_at: Thu, 08 Jun 2023 20:29:34 GMT
- request:
    method: post
    uri: https://otx.alienvault.com/taxii/discovery
    body:
      encoding: UTF-8
      string: <taxii_11:Discovery_Request xmlns:taxii="http://taxii.mitre.org/messages/taxii_xml_binding-1"
        xmlns:taxii_11="http://taxii.mitre.org/messages/taxii_xml_binding-1.1" xmlns:tdq="http://taxii.mitre.org/query/taxii_default_query-1"
        message_id="00168625653201958109"/>
    headers:
      Accept:
      - application/xml
      User-Agent:
      - rest-client/2.1.0 (linux x86_64) ruby/3.1.2p20
      X-Taxii-Services:
      - urn:taxii.mitre.org:services:1.1
      Content-Type:
      - application/xml
      X-Taxii-Accept:
      - urn:taxii.mitre.org:message:xml:1.1
      X-Taxii-Content-Type:
      - urn:taxii.mitre.org:message:xml:1.1
      X-Taxii-Protocol:
      - urn:taxii.mitre.org:protocol:https:1.0
      Content-Length:
      - '263'
      Accept-Encoding:
      - gzip;q=1.0,deflate;q=0.6,identity;q=0.3
      Host:
      - otx.alienvault.com
      Authorization:
      - Basic XXX
  response:
    status:
      code: 200
      message: OK
    headers:
      Content-Type:
      - application/xml
      Content-Length:
      - '1806'
      Connection:
      - keep-alive
      Date:
      - Thu, 08 Jun 2023 20:35:32 GMT
      Server:
      - gunicorn
      X-Taxii-Content-Type:
      - urn:taxii.mitre.org:message:xml:1.1
      X-Taxii-Protocol:
      - urn:taxii.mitre.org:protocol:https:1.0
      X-Taxii-Services:
      - urn:taxii.mitre.org:services:1.1
      X-Frame-Options:
      - SAMEORIGIN
      X-Remote-User-Name:
      - crondaemon
      X-Otx-Active:
      - '1'
      Vary:
      - Accept-Encoding
      Access-Control-Allow-Origin:
      - "*"
      X-Cache:
      - Miss from cloudfront
      Via:
      - 1.1 bd4e114ece87e9cf66a7eccfeb6c9c4a.cloudfront.net (CloudFront)
      X-Amz-Cf-Pop:
      - MXP63-P2
      X-Amz-Cf-Id:
      - EcCOofNmfHFsg3qiaqLRUu07_WR-vguB1auYQ9pIjQn1zcFRGdWhZQ==
    body:
      encoding: UTF-8
      string: |
        <taxii_11:Discovery_Response xmlns:taxii="http://taxii.mitre.org/messages/taxii_xml_binding-1" xmlns:taxii_11="http://taxii.mitre.org/messages/taxii_xml_binding-1.1" xmlns:tdq="http://taxii.mitre.org/query/taxii_default_query-1" message_id="1058969092611248197" in_response_to="00168625653201958109">
          <taxii_11:Service_Instance service_type="DISCOVERY" service_version="urn:taxii.mitre.org:services:1.1" available="true">
            <taxii_11:Protocol_Binding>urn:taxii.mitre.org:protocol:https:1.0</taxii_11:Protocol_Binding>
            <taxii_11:Address>https://otx.alienvault.com/taxii/discovery</taxii_11:Address>
            <taxii_11:Message_Binding>urn:taxii.mitre.org:message:xml:1.1</taxii_11:Message_Binding>
            <taxii_11:Message>OTX Taxii Discovery</taxii_11:Message>
          </taxii_11:Service_Instance>
          <taxii_11:Service_Instance service_type="COLLECTION_MANAGEMENT" service_version="urn:taxii.mitre.org:services:1.1" available="true">
            <taxii_11:Protocol_Binding>urn:taxii.mitre.org:protocol:https:1.0</taxii_11:Protocol_Binding>
            <taxii_11:Address>https://otx.alienvault.com/taxii/collections</taxii_11:Address>
            <taxii_11:Message_Binding>urn:taxii.mitre.org:message:xml:1.1</taxii_11:Message_Binding>
            <taxii_11:Message>OTX Taxii Collections</taxii_11:Message>
          </taxii_11:Service_Instance>
          <taxii_11:Service_Instance service_type="POLL" service_version="urn:taxii.mitre.org:services:1.1" available="true">
            <taxii_11:Protocol_Binding>urn:taxii.mitre.org:protocol:https:1.0</taxii_11:Protocol_Binding>
            <taxii_11:Address>https://otx.alienvault.com/taxii/poll</taxii_11:Address>
            <taxii_11:Message_Binding>urn:taxii.mitre.org:message:xml:1.1</taxii_11:Message_Binding>
            <taxii_11:Message>OTX Taxii Polling</taxii_11:Message>
          </taxii_11:Service_Instance>
        </taxii_11:Discovery_Response>
  recorded_at: Thu, 08 Jun 2023 20:35:32 GMT
recorded_with: VCR 6.1.0
